[2024-09-16T21:57:07.952-0300][gc,heap] Heap region size: 1M
[2024-09-16T21:57:07.961-0300][gc     ] Using G1
[2024-09-16T21:57:07.961-0300][gc,heap,coops] Heap address: 0x00000000c0000000, size: 1024 MB, Compressed Oops mode: 32-bit
[2024-09-16T21:57:07.962-0300][gc,cds       ] Mark closed archive regions in map: [0x00000000fff00000, 0x00000000fff6bff8]
[2024-09-16T21:57:07.962-0300][gc,cds       ] Mark open archive regions in map: [0x00000000ffe00000, 0x00000000ffe47ff8]
[2024-09-16T21:57:08.636-0300][gc,start     ] GC(0) Pause Young (Normal) (G1 Evacuation Pause)
[2024-09-16T21:57:08.637-0300][gc,task      ] GC(0) Using 8 workers of 8 for evacuation
[2024-09-16T21:57:08.642-0300][gc,phases    ] GC(0)   Pre Evacuate Collection Set: 0,0ms
[2024-09-16T21:57:08.642-0300][gc,phases    ] GC(0)   Evacuate Collection Set: 5,0ms
[2024-09-16T21:57:08.642-0300][gc,phases    ] GC(0)   Post Evacuate Collection Set: 0,4ms
[2024-09-16T21:57:08.642-0300][gc,phases    ] GC(0)   Other: 0,7ms
[2024-09-16T21:57:08.642-0300][gc,heap      ] GC(0) Eden regions: 51->0(44)
[2024-09-16T21:57:08.642-0300][gc,heap      ] GC(0) Survivor regions: 0->7(7)
[2024-09-16T21:57:08.642-0300][gc,heap      ] GC(0) Old regions: 2->3
[2024-09-16T21:57:08.642-0300][gc,heap      ] GC(0) Humongous regions: 0->0
[2024-09-16T21:57:08.642-0300][gc,metaspace ] GC(0) Metaspace: 13367K(13952K)->13367K(13952K) NonClass: 11690K(12032K)->11690K(12032K) Class: 1677K(1920K)->1677K(1920K)
[2024-09-16T21:57:08.642-0300][gc           ] GC(0) Pause Young (Normal) (G1 Evacuation Pause) 51M->8M(1024M) 6,124ms
[2024-09-16T21:57:08.642-0300][gc,cpu       ] GC(0) User=0,03s Sys=0,01s Real=0,00s
[2024-09-16T21:57:09.083-0300][gc,start     ] GC(1) Pause Young (Concurrent Start) (Metadata GC Threshold)
[2024-09-16T21:57:09.083-0300][gc,task      ] GC(1) Using 8 workers of 8 for evacuation
[2024-09-16T21:57:09.088-0300][gc,phases    ] GC(1)   Pre Evacuate Collection Set: 0,1ms
[2024-09-16T21:57:09.088-0300][gc,phases    ] GC(1)   Evacuate Collection Set: 5,0ms
[2024-09-16T21:57:09.088-0300][gc,phases    ] GC(1)   Post Evacuate Collection Set: 0,3ms
[2024-09-16T21:57:09.088-0300][gc,phases    ] GC(1)   Other: 0,2ms
[2024-09-16T21:57:09.088-0300][gc,heap      ] GC(1) Eden regions: 35->0(49)
[2024-09-16T21:57:09.088-0300][gc,heap      ] GC(1) Survivor regions: 7->2(7)
[2024-09-16T21:57:09.088-0300][gc,heap      ] GC(1) Old regions: 3->10
[2024-09-16T21:57:09.088-0300][gc,heap      ] GC(1) Humongous regions: 0->0
[2024-09-16T21:57:09.088-0300][gc,metaspace ] GC(1) Metaspace: 20580K(21248K)->20580K(21248K) NonClass: 18039K(18432K)->18039K(18432K) Class: 2541K(2816K)->2541K(2816K)
[2024-09-16T21:57:09.088-0300][gc           ] GC(1) Pause Young (Concurrent Start) (Metadata GC Threshold) 42M->9M(1024M) 5,567ms
[2024-09-16T21:57:09.088-0300][gc,cpu       ] GC(1) User=0,03s Sys=0,00s Real=0,01s
[2024-09-16T21:57:09.088-0300][gc           ] GC(2) Concurrent Cycle
[2024-09-16T21:57:09.088-0300][gc,marking   ] GC(2) Concurrent Clear Claimed Marks
[2024-09-16T21:57:09.088-0300][gc,marking   ] GC(2) Concurrent Clear Claimed Marks 0,040ms
[2024-09-16T21:57:09.088-0300][gc,marking   ] GC(2) Concurrent Scan Root Regions
[2024-09-16T21:57:09.090-0300][gc,marking   ] GC(2) Concurrent Scan Root Regions 1,078ms
[2024-09-16T21:57:09.090-0300][gc,marking   ] GC(2) Concurrent Mark (1,140s)
[2024-09-16T21:57:09.090-0300][gc,marking   ] GC(2) Concurrent Mark From Roots
[2024-09-16T21:57:09.090-0300][gc,task      ] GC(2) Using 2 workers of 2 for marking
[2024-09-16T21:57:09.093-0300][gc,marking   ] GC(2) Concurrent Mark From Roots 3,648ms
[2024-09-16T21:57:09.093-0300][gc,marking   ] GC(2) Concurrent Preclean
[2024-09-16T21:57:09.093-0300][gc,marking   ] GC(2) Concurrent Preclean 0,072ms
[2024-09-16T21:57:09.093-0300][gc,marking   ] GC(2) Concurrent Mark (1,140s, 1,144s) 3,755ms
[2024-09-16T21:57:09.093-0300][gc,start     ] GC(2) Pause Remark
[2024-09-16T21:57:09.096-0300][gc,stringtable] GC(2) Cleaned string and symbol table, strings: 5902 processed, 0 removed, symbols: 54471 processed, 48 removed
[2024-09-16T21:57:09.096-0300][gc            ] GC(2) Pause Remark 10M->10M(1024M) 2,369ms
[2024-09-16T21:57:09.096-0300][gc,cpu        ] GC(2) User=0,02s Sys=0,00s Real=0,00s
[2024-09-16T21:57:09.096-0300][gc,marking    ] GC(2) Concurrent Rebuild Remembered Sets
[2024-09-16T21:57:09.098-0300][gc,marking    ] GC(2) Concurrent Rebuild Remembered Sets 2,165ms
[2024-09-16T21:57:09.098-0300][gc,start      ] GC(2) Pause Cleanup
[2024-09-16T21:57:09.098-0300][gc            ] GC(2) Pause Cleanup 10M->10M(1024M) 0,119ms
[2024-09-16T21:57:09.098-0300][gc,cpu        ] GC(2) User=0,00s Sys=0,00s Real=0,00s
[2024-09-16T21:57:09.098-0300][gc,marking    ] GC(2) Concurrent Cleanup for Next Mark
[2024-09-16T21:57:09.101-0300][gc,marking    ] GC(2) Concurrent Cleanup for Next Mark 3,118ms
[2024-09-16T21:57:09.101-0300][gc            ] GC(2) Concurrent Cycle 12,980ms
[2024-09-16T21:57:09.539-0300][gc,start      ] GC(3) Pause Young (Normal) (G1 Evacuation Pause)
[2024-09-16T21:57:09.539-0300][gc,task       ] GC(3) Using 8 workers of 8 for evacuation
[2024-09-16T21:57:09.543-0300][gc,phases     ] GC(3)   Pre Evacuate Collection Set: 0,0ms
[2024-09-16T21:57:09.543-0300][gc,phases     ] GC(3)   Evacuate Collection Set: 3,2ms
[2024-09-16T21:57:09.543-0300][gc,phases     ] GC(3)   Post Evacuate Collection Set: 0,3ms
[2024-09-16T21:57:09.543-0300][gc,phases     ] GC(3)   Other: 0,1ms
[2024-09-16T21:57:09.543-0300][gc,heap       ] GC(3) Eden regions: 49->0(46)
[2024-09-16T21:57:09.543-0300][gc,heap       ] GC(3) Survivor regions: 2->5(7)
[2024-09-16T21:57:09.543-0300][gc,heap       ] GC(3) Old regions: 10->10
[2024-09-16T21:57:09.543-0300][gc,heap       ] GC(3) Humongous regions: 129->129
[2024-09-16T21:57:09.543-0300][gc,metaspace  ] GC(3) Metaspace: 28734K(29952K)->28734K(29952K) NonClass: 25373K(26112K)->25373K(26112K) Class: 3361K(3840K)->3361K(3840K)
[2024-09-16T21:57:09.543-0300][gc            ] GC(3) Pause Young (Normal) (G1 Evacuation Pause) 187M->141M(1024M) 3,772ms
[2024-09-16T21:57:09.543-0300][gc,cpu        ] GC(3) User=0,02s Sys=0,00s Real=0,01s
[2024-09-16T21:57:09.843-0300][gc,start      ] GC(4) Pause Young (Concurrent Start) (Metadata GC Threshold)
[2024-09-16T21:57:09.843-0300][gc,task       ] GC(4) Using 8 workers of 8 for evacuation
[2024-09-16T21:57:09.853-0300][gc,phases     ] GC(4)   Pre Evacuate Collection Set: 0,2ms
[2024-09-16T21:57:09.853-0300][gc,phases     ] GC(4)   Evacuate Collection Set: 9,5ms
[2024-09-16T21:57:09.853-0300][gc,phases     ] GC(4)   Post Evacuate Collection Set: 0,4ms
[2024-09-16T21:57:09.853-0300][gc,phases     ] GC(4)   Other: 0,3ms
[2024-09-16T21:57:09.853-0300][gc,heap       ] GC(4) Eden regions: 34->0(44)
[2024-09-16T21:57:09.853-0300][gc,heap       ] GC(4) Survivor regions: 5->7(7)
[2024-09-16T21:57:09.853-0300][gc,heap       ] GC(4) Old regions: 10->11
[2024-09-16T21:57:09.853-0300][gc,heap       ] GC(4) Humongous regions: 129->129
[2024-09-16T21:57:09.853-0300][gc,metaspace  ] GC(4) Metaspace: 34549K(35840K)->34549K(35840K) NonClass: 30556K(31232K)->30556K(31232K) Class: 3993K(4608K)->3993K(4608K)
[2024-09-16T21:57:09.853-0300][gc            ] GC(4) Pause Young (Concurrent Start) (Metadata GC Threshold) 175M->144M(1024M) 10,496ms
[2024-09-16T21:57:09.853-0300][gc,cpu        ] GC(4) User=0,05s Sys=0,00s Real=0,02s
[2024-09-16T21:57:09.853-0300][gc            ] GC(5) Concurrent Cycle
[2024-09-16T21:57:09.853-0300][gc,marking    ] GC(5) Concurrent Clear Claimed Marks
[2024-09-16T21:57:09.853-0300][gc,marking    ] GC(5) Concurrent Clear Claimed Marks 0,090ms
[2024-09-16T21:57:09.853-0300][gc,marking    ] GC(5) Concurrent Scan Root Regions
[2024-09-16T21:57:09.855-0300][gc,marking    ] GC(5) Concurrent Scan Root Regions 1,814ms
[2024-09-16T21:57:09.855-0300][gc,marking    ] GC(5) Concurrent Mark (1,905s)
[2024-09-16T21:57:09.855-0300][gc,marking    ] GC(5) Concurrent Mark From Roots
[2024-09-16T21:57:09.855-0300][gc,task       ] GC(5) Using 2 workers of 2 for marking
[2024-09-16T21:57:09.863-0300][gc,marking    ] GC(5) Concurrent Mark From Roots 7,626ms
[2024-09-16T21:57:09.863-0300][gc,marking    ] GC(5) Concurrent Preclean
[2024-09-16T21:57:09.863-0300][gc,marking    ] GC(5) Concurrent Preclean 0,137ms
[2024-09-16T21:57:09.863-0300][gc,marking    ] GC(5) Concurrent Mark (1,905s, 1,913s) 7,830ms
[2024-09-16T21:57:09.863-0300][gc,start      ] GC(5) Pause Remark
[2024-09-16T21:57:09.867-0300][gc,stringtable] GC(5) Cleaned string and symbol table, strings: 11736 processed, 9 removed, symbols: 89875 processed, 17 removed
[2024-09-16T21:57:09.868-0300][gc            ] GC(5) Pause Remark 145M->145M(1024M) 4,141ms
[2024-09-16T21:57:09.868-0300][gc,cpu        ] GC(5) User=0,02s Sys=0,00s Real=0,00s
[2024-09-16T21:57:09.868-0300][gc,marking    ] GC(5) Concurrent Rebuild Remembered Sets
[2024-09-16T21:57:09.873-0300][gc,marking    ] GC(5) Concurrent Rebuild Remembered Sets 5,105ms
[2024-09-16T21:57:09.874-0300][gc,start      ] GC(5) Pause Cleanup
[2024-09-16T21:57:09.874-0300][gc            ] GC(5) Pause Cleanup 146M->146M(1024M) 0,252ms
[2024-09-16T21:57:09.874-0300][gc,cpu        ] GC(5) User=0,00s Sys=0,00s Real=0,00s
[2024-09-16T21:57:09.874-0300][gc,marking    ] GC(5) Concurrent Cleanup for Next Mark
[2024-09-16T21:57:09.879-0300][gc,marking    ] GC(5) Concurrent Cleanup for Next Mark 5,468ms
[2024-09-16T21:57:09.879-0300][gc            ] GC(5) Concurrent Cycle 26,368ms
[2024-09-16T22:08:54.029-0300][gc,start      ] GC(6) Pause Young (Normal) (G1 Evacuation Pause)
[2024-09-16T22:08:54.029-0300][gc,task       ] GC(6) Using 8 workers of 8 for evacuation
[2024-09-16T22:08:54.040-0300][gc,phases     ] GC(6)   Pre Evacuate Collection Set: 0,0ms
[2024-09-16T22:08:54.040-0300][gc,phases     ] GC(6)   Evacuate Collection Set: 10,1ms
[2024-09-16T22:08:54.040-0300][gc,phases     ] GC(6)   Post Evacuate Collection Set: 0,4ms
[2024-09-16T22:08:54.040-0300][gc,phases     ] GC(6)   Other: 0,2ms
[2024-09-16T22:08:54.040-0300][gc,heap       ] GC(6) Eden regions: 44->0(46)
[2024-09-16T22:08:54.040-0300][gc,heap       ] GC(6) Survivor regions: 7->5(7)
[2024-09-16T22:08:54.040-0300][gc,heap       ] GC(6) Old regions: 11->14
[2024-09-16T22:08:54.040-0300][gc,heap       ] GC(6) Humongous regions: 129->129
[2024-09-16T22:08:54.040-0300][gc,metaspace  ] GC(6) Metaspace: 41208K(43648K)->41208K(43648K) NonClass: 35876K(37120K)->35876K(37120K) Class: 5331K(6528K)->5331K(6528K)
[2024-09-16T22:08:54.040-0300][gc            ] GC(6) Pause Young (Normal) (G1 Evacuation Pause) 188M->146M(1024M) 10,788ms
[2024-09-16T22:08:54.040-0300][gc,cpu        ] GC(6) User=0,05s Sys=0,00s Real=0,01s
[2024-09-16T22:12:45.734-0300][gc,start      ] GC(7) Pause Young (Normal) (G1 Evacuation Pause)
[2024-09-16T22:12:45.734-0300][gc,task       ] GC(7) Using 8 workers of 8 for evacuation
[2024-09-16T22:12:45.743-0300][gc,phases     ] GC(7)   Pre Evacuate Collection Set: 0,0ms
[2024-09-16T22:12:45.743-0300][gc,phases     ] GC(7)   Evacuate Collection Set: 7,4ms
[2024-09-16T22:12:45.743-0300][gc,phases     ] GC(7)   Post Evacuate Collection Set: 0,9ms
[2024-09-16T22:12:45.743-0300][gc,phases     ] GC(7)   Other: 0,2ms
[2024-09-16T22:12:45.743-0300][gc,heap       ] GC(7) Eden regions: 46->0(45)
[2024-09-16T22:12:45.743-0300][gc,heap       ] GC(7) Survivor regions: 5->6(7)
[2024-09-16T22:12:45.743-0300][gc,heap       ] GC(7) Old regions: 14->17
[2024-09-16T22:12:45.743-0300][gc,heap       ] GC(7) Humongous regions: 129->129
[2024-09-16T22:12:45.743-0300][gc,metaspace  ] GC(7) Metaspace: 45181K(48256K)->45181K(48256K) NonClass: 39306K(40960K)->39306K(40960K) Class: 5875K(7296K)->5875K(7296K)
[2024-09-16T22:12:45.743-0300][gc            ] GC(7) Pause Young (Normal) (G1 Evacuation Pause) 192M->149M(1024M) 8,577ms
[2024-09-16T22:12:45.743-0300][gc,cpu        ] GC(7) User=0,05s Sys=0,00s Real=0,00s
[2024-09-16T22:21:39.409-0300][gc,start      ] GC(8) Pause Young (Normal) (G1 Evacuation Pause)
[2024-09-16T22:21:39.409-0300][gc,task       ] GC(8) Using 8 workers of 8 for evacuation
[2024-09-16T22:21:39.417-0300][gc,phases     ] GC(8)   Pre Evacuate Collection Set: 0,0ms
[2024-09-16T22:21:39.417-0300][gc,phases     ] GC(8)   Evacuate Collection Set: 7,4ms
[2024-09-16T22:21:39.417-0300][gc,phases     ] GC(8)   Post Evacuate Collection Set: 0,4ms
[2024-09-16T22:21:39.417-0300][gc,phases     ] GC(8)   Other: 0,2ms
[2024-09-16T22:21:39.417-0300][gc,heap       ] GC(8) Eden regions: 45->0(46)
[2024-09-16T22:21:39.417-0300][gc,heap       ] GC(8) Survivor regions: 6->5(7)
[2024-09-16T22:21:39.417-0300][gc,heap       ] GC(8) Old regions: 17->19
[2024-09-16T22:21:39.417-0300][gc,heap       ] GC(8) Humongous regions: 129->129
[2024-09-16T22:21:39.417-0300][gc,metaspace  ] GC(8) Metaspace: 45434K(48640K)->45434K(48640K) NonClass: 39516K(41216K)->39516K(41216K) Class: 5917K(7424K)->5917K(7424K)
[2024-09-16T22:21:39.418-0300][gc            ] GC(8) Pause Young (Normal) (G1 Evacuation Pause) 194M->150M(1024M) 8,060ms
[2024-09-16T22:21:39.418-0300][gc,cpu        ] GC(8) User=0,04s Sys=0,00s Real=0,01s
[2024-09-16T22:24:35.525-0300][gc,heap,exit  ] Heap
[2024-09-16T22:24:35.525-0300][gc,heap,exit  ]  garbage-first heap   total 1048576K, used 178456K [0x00000000c0000000, 0x0000000100000000)
[2024-09-16T22:24:35.525-0300][gc,heap,exit  ]   region size 1024K, 31 young (31744K), 5 survivors (5120K)
[2024-09-16T22:24:35.525-0300][gc,heap,exit  ]  Metaspace       used 46652K, capacity 49751K, committed 50048K, reserved 1091584K
[2024-09-16T22:24:35.525-0300][gc,heap,exit  ]   class space    used 6194K, capacity 7704K, committed 7808K, reserved 1048576K
