[2024-09-16T15:07:12.091-0300][gc,heap] Heap region size: 1M
[2024-09-16T15:07:12.100-0300][gc     ] Using G1
[2024-09-16T15:07:12.100-0300][gc,heap,coops] Heap address: 0x00000000c0000000, size: 1024 MB, Compressed Oops mode: 32-bit
[2024-09-16T15:07:12.100-0300][gc,cds       ] Mark closed archive regions in map: [0x00000000fff00000, 0x00000000fff6bff8]
[2024-09-16T15:07:12.101-0300][gc,cds       ] Mark open archive regions in map: [0x00000000ffe00000, 0x00000000ffe47ff8]
[2024-09-16T15:07:13.075-0300][gc,start     ] GC(0) Pause Young (Normal) (G1 Evacuation Pause)
[2024-09-16T15:07:13.075-0300][gc,task      ] GC(0) Using 8 workers of 8 for evacuation
[2024-09-16T15:07:13.080-0300][gc,phases    ] GC(0)   Pre Evacuate Collection Set: 0,0ms
[2024-09-16T15:07:13.081-0300][gc,phases    ] GC(0)   Evacuate Collection Set: 5,1ms
[2024-09-16T15:07:13.081-0300][gc,phases    ] GC(0)   Post Evacuate Collection Set: 0,3ms
[2024-09-16T15:07:13.081-0300][gc,phases    ] GC(0)   Other: 0,5ms
[2024-09-16T15:07:13.081-0300][gc,heap      ] GC(0) Eden regions: 51->0(44)
[2024-09-16T15:07:13.081-0300][gc,heap      ] GC(0) Survivor regions: 0->7(7)
[2024-09-16T15:07:13.081-0300][gc,heap      ] GC(0) Old regions: 2->3
[2024-09-16T15:07:13.081-0300][gc,heap      ] GC(0) Humongous regions: 0->0
[2024-09-16T15:07:13.081-0300][gc,metaspace ] GC(0) Metaspace: 13342K(13952K)->13342K(13952K) NonClass: 11673K(12032K)->11673K(12032K) Class: 1668K(1920K)->1668K(1920K)
[2024-09-16T15:07:13.081-0300][gc           ] GC(0) Pause Young (Normal) (G1 Evacuation Pause) 51M->8M(1024M) 6,017ms
[2024-09-16T15:07:13.081-0300][gc,cpu       ] GC(0) User=0,03s Sys=0,00s Real=0,01s
[2024-09-16T15:07:13.507-0300][gc,start     ] GC(1) Pause Young (Concurrent Start) (Metadata GC Threshold)
[2024-09-16T15:07:13.507-0300][gc,task      ] GC(1) Using 8 workers of 8 for evacuation
[2024-09-16T15:07:13.514-0300][gc,phases    ] GC(1)   Pre Evacuate Collection Set: 0,1ms
[2024-09-16T15:07:13.514-0300][gc,phases    ] GC(1)   Evacuate Collection Set: 6,9ms
[2024-09-16T15:07:13.514-0300][gc,phases    ] GC(1)   Post Evacuate Collection Set: 0,4ms
[2024-09-16T15:07:13.514-0300][gc,phases    ] GC(1)   Other: 0,2ms
[2024-09-16T15:07:13.514-0300][gc,heap      ] GC(1) Eden regions: 35->0(49)
[2024-09-16T15:07:13.514-0300][gc,heap      ] GC(1) Survivor regions: 7->2(7)
[2024-09-16T15:07:13.514-0300][gc,heap      ] GC(1) Old regions: 3->10
[2024-09-16T15:07:13.514-0300][gc,heap      ] GC(1) Humongous regions: 0->0
[2024-09-16T15:07:13.514-0300][gc,metaspace ] GC(1) Metaspace: 20580K(21248K)->20580K(21248K) NonClass: 18038K(18432K)->18038K(18432K) Class: 2541K(2816K)->2541K(2816K)
[2024-09-16T15:07:13.514-0300][gc           ] GC(1) Pause Young (Concurrent Start) (Metadata GC Threshold) 42M->9M(1024M) 7,620ms
[2024-09-16T15:07:13.514-0300][gc,cpu       ] GC(1) User=0,02s Sys=0,00s Real=0,01s
[2024-09-16T15:07:13.514-0300][gc           ] GC(2) Concurrent Cycle
[2024-09-16T15:07:13.514-0300][gc,marking   ] GC(2) Concurrent Clear Claimed Marks
[2024-09-16T15:07:13.514-0300][gc,marking   ] GC(2) Concurrent Clear Claimed Marks 0,056ms
[2024-09-16T15:07:13.514-0300][gc,marking   ] GC(2) Concurrent Scan Root Regions
[2024-09-16T15:07:13.515-0300][gc,marking   ] GC(2) Concurrent Scan Root Regions 0,831ms
[2024-09-16T15:07:13.515-0300][gc,marking   ] GC(2) Concurrent Mark (1,426s)
[2024-09-16T15:07:13.515-0300][gc,marking   ] GC(2) Concurrent Mark From Roots
[2024-09-16T15:07:13.515-0300][gc,task      ] GC(2) Using 2 workers of 2 for marking
[2024-09-16T15:07:13.519-0300][gc,marking   ] GC(2) Concurrent Mark From Roots 4,082ms
[2024-09-16T15:07:13.519-0300][gc,marking   ] GC(2) Concurrent Preclean
[2024-09-16T15:07:13.520-0300][gc,marking   ] GC(2) Concurrent Preclean 0,115ms
[2024-09-16T15:07:13.520-0300][gc,marking   ] GC(2) Concurrent Mark (1,426s, 1,431s) 4,250ms
[2024-09-16T15:07:13.520-0300][gc,start     ] GC(2) Pause Remark
[2024-09-16T15:07:13.522-0300][gc,stringtable] GC(2) Cleaned string and symbol table, strings: 5906 processed, 0 removed, symbols: 54487 processed, 48 removed
[2024-09-16T15:07:13.523-0300][gc            ] GC(2) Pause Remark 9M->9M(1024M) 2,921ms
[2024-09-16T15:07:13.523-0300][gc,cpu        ] GC(2) User=0,02s Sys=0,00s Real=0,00s
[2024-09-16T15:07:13.523-0300][gc,marking    ] GC(2) Concurrent Rebuild Remembered Sets
[2024-09-16T15:07:13.525-0300][gc,marking    ] GC(2) Concurrent Rebuild Remembered Sets 2,207ms
[2024-09-16T15:07:13.525-0300][gc,start      ] GC(2) Pause Cleanup
[2024-09-16T15:07:13.525-0300][gc            ] GC(2) Pause Cleanup 10M->10M(1024M) 0,179ms
[2024-09-16T15:07:13.525-0300][gc,cpu        ] GC(2) User=0,00s Sys=0,00s Real=0,00s
[2024-09-16T15:07:13.525-0300][gc,marking    ] GC(2) Concurrent Cleanup for Next Mark
[2024-09-16T15:07:13.528-0300][gc,marking    ] GC(2) Concurrent Cleanup for Next Mark 3,162ms
[2024-09-16T15:07:13.528-0300][gc            ] GC(2) Concurrent Cycle 14,073ms
[2024-09-16T15:07:13.961-0300][gc,start      ] GC(3) Pause Young (Normal) (G1 Evacuation Pause)
[2024-09-16T15:07:13.961-0300][gc,task       ] GC(3) Using 8 workers of 8 for evacuation
[2024-09-16T15:07:13.965-0300][gc,phases     ] GC(3)   Pre Evacuate Collection Set: 0,0ms
[2024-09-16T15:07:13.965-0300][gc,phases     ] GC(3)   Evacuate Collection Set: 3,5ms
[2024-09-16T15:07:13.965-0300][gc,phases     ] GC(3)   Post Evacuate Collection Set: 0,3ms
[2024-09-16T15:07:13.965-0300][gc,phases     ] GC(3)   Other: 0,1ms
[2024-09-16T15:07:13.965-0300][gc,heap       ] GC(3) Eden regions: 49->0(46)
[2024-09-16T15:07:13.965-0300][gc,heap       ] GC(3) Survivor regions: 2->5(7)
[2024-09-16T15:07:13.965-0300][gc,heap       ] GC(3) Old regions: 10->10
[2024-09-16T15:07:13.965-0300][gc,heap       ] GC(3) Humongous regions: 129->129
[2024-09-16T15:07:13.965-0300][gc,metaspace  ] GC(3) Metaspace: 28737K(29952K)->28737K(29952K) NonClass: 25375K(26112K)->25375K(26112K) Class: 3361K(3840K)->3361K(3840K)
[2024-09-16T15:07:13.965-0300][gc            ] GC(3) Pause Young (Normal) (G1 Evacuation Pause) 187M->141M(1024M) 3,953ms
[2024-09-16T15:07:13.965-0300][gc,cpu        ] GC(3) User=0,03s Sys=0,00s Real=0,00s
[2024-09-16T15:07:14.252-0300][gc,start      ] GC(4) Pause Young (Concurrent Start) (Metadata GC Threshold)
[2024-09-16T15:07:14.252-0300][gc,task       ] GC(4) Using 8 workers of 8 for evacuation
[2024-09-16T15:07:14.256-0300][gc,phases     ] GC(4)   Pre Evacuate Collection Set: 0,1ms
[2024-09-16T15:07:14.256-0300][gc,phases     ] GC(4)   Evacuate Collection Set: 3,3ms
[2024-09-16T15:07:14.256-0300][gc,phases     ] GC(4)   Post Evacuate Collection Set: 0,2ms
[2024-09-16T15:07:14.256-0300][gc,phases     ] GC(4)   Other: 0,2ms
[2024-09-16T15:07:14.256-0300][gc,heap       ] GC(4) Eden regions: 34->0(45)
[2024-09-16T15:07:14.256-0300][gc,heap       ] GC(4) Survivor regions: 5->6(7)
[2024-09-16T15:07:14.256-0300][gc,heap       ] GC(4) Old regions: 10->11
[2024-09-16T15:07:14.256-0300][gc,heap       ] GC(4) Humongous regions: 129->129
[2024-09-16T15:07:14.256-0300][gc,metaspace  ] GC(4) Metaspace: 34559K(35840K)->34559K(35840K) NonClass: 30554K(31232K)->30554K(31232K) Class: 4005K(4608K)->4005K(4608K)
[2024-09-16T15:07:14.256-0300][gc            ] GC(4) Pause Young (Concurrent Start) (Metadata GC Threshold) 175M->143M(1024M) 3,858ms
[2024-09-16T15:07:14.256-0300][gc,cpu        ] GC(4) User=0,03s Sys=0,00s Real=0,00s
[2024-09-16T15:07:14.256-0300][gc            ] GC(5) Concurrent Cycle
[2024-09-16T15:07:14.256-0300][gc,marking    ] GC(5) Concurrent Clear Claimed Marks
[2024-09-16T15:07:14.256-0300][gc,marking    ] GC(5) Concurrent Clear Claimed Marks 0,164ms
[2024-09-16T15:07:14.256-0300][gc,marking    ] GC(5) Concurrent Scan Root Regions
[2024-09-16T15:07:14.258-0300][gc,marking    ] GC(5) Concurrent Scan Root Regions 1,945ms
[2024-09-16T15:07:14.258-0300][gc,marking    ] GC(5) Concurrent Mark (2,169s)
[2024-09-16T15:07:14.258-0300][gc,marking    ] GC(5) Concurrent Mark From Roots
[2024-09-16T15:07:14.258-0300][gc,task       ] GC(5) Using 2 workers of 2 for marking
[2024-09-16T15:07:14.266-0300][gc,marking    ] GC(5) Concurrent Mark From Roots 8,082ms
[2024-09-16T15:07:14.266-0300][gc,marking    ] GC(5) Concurrent Preclean
[2024-09-16T15:07:14.266-0300][gc,marking    ] GC(5) Concurrent Preclean 0,286ms
[2024-09-16T15:07:14.266-0300][gc,marking    ] GC(5) Concurrent Mark (2,169s, 2,177s) 8,428ms
[2024-09-16T15:07:14.266-0300][gc,start      ] GC(5) Pause Remark
[2024-09-16T15:07:14.270-0300][gc,stringtable] GC(5) Cleaned string and symbol table, strings: 11753 processed, 9 removed, symbols: 89934 processed, 16 removed
[2024-09-16T15:07:14.270-0300][gc            ] GC(5) Pause Remark 145M->145M(1024M) 3,623ms
[2024-09-16T15:07:14.270-0300][gc,cpu        ] GC(5) User=0,02s Sys=0,00s Real=0,01s
[2024-09-16T15:07:14.270-0300][gc,marking    ] GC(5) Concurrent Rebuild Remembered Sets
[2024-09-16T15:07:14.274-0300][gc,marking    ] GC(5) Concurrent Rebuild Remembered Sets 3,736ms
[2024-09-16T15:07:14.274-0300][gc,start      ] GC(5) Pause Cleanup
[2024-09-16T15:07:14.274-0300][gc            ] GC(5) Pause Cleanup 145M->145M(1024M) 0,206ms
[2024-09-16T15:07:14.274-0300][gc,cpu        ] GC(5) User=0,00s Sys=0,00s Real=0,00s
[2024-09-16T15:07:14.274-0300][gc,marking    ] GC(5) Concurrent Cleanup for Next Mark
[2024-09-16T15:07:14.279-0300][gc,marking    ] GC(5) Concurrent Cleanup for Next Mark 4,744ms
[2024-09-16T15:07:14.279-0300][gc            ] GC(5) Concurrent Cycle 23,312ms
[2024-09-16T15:14:20.268-0300][gc,start      ] GC(6) Pause Young (Concurrent Start) (G1 Evacuation Pause)
[2024-09-16T15:14:20.268-0300][gc,task       ] GC(6) Using 8 workers of 8 for evacuation
[2024-09-16T15:14:20.278-0300][gc,phases     ] GC(6)   Pre Evacuate Collection Set: 0,2ms
[2024-09-16T15:14:20.278-0300][gc,phases     ] GC(6)   Evacuate Collection Set: 9,0ms
[2024-09-16T15:14:20.278-0300][gc,phases     ] GC(6)   Post Evacuate Collection Set: 0,6ms
[2024-09-16T15:14:20.278-0300][gc,phases     ] GC(6)   Other: 0,2ms
[2024-09-16T15:14:20.278-0300][gc,heap       ] GC(6) Eden regions: 45->0(46)
[2024-09-16T15:14:20.278-0300][gc,heap       ] GC(6) Survivor regions: 6->5(7)
[2024-09-16T15:14:20.278-0300][gc,heap       ] GC(6) Old regions: 11->14
[2024-09-16T15:14:20.278-0300][gc,heap       ] GC(6) Humongous regions: 129->129
[2024-09-16T15:14:20.278-0300][gc,metaspace  ] GC(6) Metaspace: 41475K(43904K)->41475K(43904K) NonClass: 36089K(37376K)->36089K(37376K) Class: 5385K(6528K)->5385K(6528K)
[2024-09-16T15:14:20.278-0300][gc            ] GC(6) Pause Young (Concurrent Start) (G1 Evacuation Pause) 188M->146M(1024M) 9,984ms
[2024-09-16T15:14:20.278-0300][gc,cpu        ] GC(6) User=0,05s Sys=0,00s Real=0,01s
[2024-09-16T15:14:20.278-0300][gc            ] GC(7) Concurrent Cycle
[2024-09-16T15:14:20.278-0300][gc,marking    ] GC(7) Concurrent Clear Claimed Marks
[2024-09-16T15:14:20.279-0300][gc,marking    ] GC(7) Concurrent Clear Claimed Marks 0,277ms
[2024-09-16T15:14:20.279-0300][gc,marking    ] GC(7) Concurrent Scan Root Regions
[2024-09-16T15:14:20.282-0300][gc,marking    ] GC(7) Concurrent Scan Root Regions 3,169ms
[2024-09-16T15:14:20.282-0300][gc,marking    ] GC(7) Concurrent Mark (428,193s)
[2024-09-16T15:14:20.282-0300][gc,marking    ] GC(7) Concurrent Mark From Roots
[2024-09-16T15:14:20.282-0300][gc,task       ] GC(7) Using 2 workers of 2 for marking
[2024-09-16T15:14:20.295-0300][gc,marking    ] GC(7) Concurrent Mark From Roots 13,142ms
[2024-09-16T15:14:20.295-0300][gc,marking    ] GC(7) Concurrent Preclean
[2024-09-16T15:14:20.295-0300][gc,marking    ] GC(7) Concurrent Preclean 0,124ms
[2024-09-16T15:14:20.295-0300][gc,marking    ] GC(7) Concurrent Mark (428,193s, 428,206s) 13,325ms
[2024-09-16T15:14:20.296-0300][gc,start      ] GC(7) Pause Remark
[2024-09-16T15:14:20.302-0300][gc,stringtable] GC(7) Cleaned string and symbol table, strings: 13106 processed, 5 removed, symbols: 97676 processed, 4 removed
[2024-09-16T15:14:20.303-0300][gc            ] GC(7) Pause Remark 147M->147M(1024M) 7,076ms
[2024-09-16T15:14:20.303-0300][gc,cpu        ] GC(7) User=0,05s Sys=0,00s Real=0,01s
[2024-09-16T15:14:20.303-0300][gc,marking    ] GC(7) Concurrent Rebuild Remembered Sets
[2024-09-16T15:14:20.308-0300][gc,marking    ] GC(7) Concurrent Rebuild Remembered Sets 5,333ms
[2024-09-16T15:14:20.308-0300][gc,start      ] GC(7) Pause Cleanup
[2024-09-16T15:14:20.309-0300][gc            ] GC(7) Pause Cleanup 147M->147M(1024M) 0,213ms
[2024-09-16T15:14:20.309-0300][gc,cpu        ] GC(7) User=0,00s Sys=0,00s Real=0,00s
[2024-09-16T15:14:20.309-0300][gc,marking    ] GC(7) Concurrent Cleanup for Next Mark
[2024-09-16T15:14:20.311-0300][gc,marking    ] GC(7) Concurrent Cleanup for Next Mark 1,943ms
[2024-09-16T15:14:20.311-0300][gc            ] GC(7) Concurrent Cycle 32,466ms
[2024-09-16T15:19:40.760-0300][gc,start      ] GC(8) Pause Young (Normal) (G1 Evacuation Pause)
[2024-09-16T15:19:40.760-0300][gc,task       ] GC(8) Using 8 workers of 8 for evacuation
[2024-09-16T15:19:40.766-0300][gc,phases     ] GC(8)   Pre Evacuate Collection Set: 0,0ms
[2024-09-16T15:19:40.766-0300][gc,phases     ] GC(8)   Evacuate Collection Set: 5,0ms
[2024-09-16T15:19:40.766-0300][gc,phases     ] GC(8)   Post Evacuate Collection Set: 0,8ms
[2024-09-16T15:19:40.766-0300][gc,phases     ] GC(8)   Other: 0,3ms
[2024-09-16T15:19:40.766-0300][gc,heap       ] GC(8) Eden regions: 46->0(45)
[2024-09-16T15:19:40.766-0300][gc,heap       ] GC(8) Survivor regions: 5->6(7)
[2024-09-16T15:19:40.766-0300][gc,heap       ] GC(8) Old regions: 14->17
[2024-09-16T15:19:40.766-0300][gc,heap       ] GC(8) Humongous regions: 129->129
[2024-09-16T15:19:40.766-0300][gc,metaspace  ] GC(8) Metaspace: 45113K(48000K)->45113K(48000K) NonClass: 39235K(40704K)->39235K(40704K) Class: 5877K(7296K)->5877K(7296K)
[2024-09-16T15:19:40.766-0300][gc            ] GC(8) Pause Young (Normal) (G1 Evacuation Pause) 192M->149M(1024M) 6,182ms
[2024-09-16T15:19:40.766-0300][gc,cpu        ] GC(8) User=0,04s Sys=0,00s Real=0,00s
[2024-09-16T15:26:25.404-0300][gc,start      ] GC(9) Pause Young (Normal) (G1 Evacuation Pause)
[2024-09-16T15:26:25.404-0300][gc,task       ] GC(9) Using 8 workers of 8 for evacuation
[2024-09-16T15:26:25.412-0300][gc,phases     ] GC(9)   Pre Evacuate Collection Set: 0,0ms
[2024-09-16T15:26:25.412-0300][gc,phases     ] GC(9)   Evacuate Collection Set: 7,1ms
[2024-09-16T15:26:25.412-0300][gc,phases     ] GC(9)   Post Evacuate Collection Set: 0,5ms
[2024-09-16T15:26:25.412-0300][gc,phases     ] GC(9)   Other: 0,3ms
[2024-09-16T15:26:25.412-0300][gc,heap       ] GC(9) Eden regions: 45->0(48)
[2024-09-16T15:26:25.412-0300][gc,heap       ] GC(9) Survivor regions: 6->3(7)
[2024-09-16T15:26:25.412-0300][gc,heap       ] GC(9) Old regions: 17->21
[2024-09-16T15:26:25.412-0300][gc,heap       ] GC(9) Humongous regions: 129->129
[2024-09-16T15:26:25.412-0300][gc,metaspace  ] GC(9) Metaspace: 45802K(49024K)->45802K(49024K) NonClass: 39770K(41472K)->39770K(41472K) Class: 6032K(7552K)->6032K(7552K)
[2024-09-16T15:26:25.412-0300][gc            ] GC(9) Pause Young (Normal) (G1 Evacuation Pause) 194M->150M(1024M) 7,941ms
[2024-09-16T15:26:25.412-0300][gc,cpu        ] GC(9) User=0,05s Sys=0,00s Real=0,01s
[2024-09-16T15:34:49.162-0300][gc,start      ] GC(10) Pause Young (Normal) (G1 Evacuation Pause)
[2024-09-16T15:34:49.162-0300][gc,task       ] GC(10) Using 8 workers of 8 for evacuation
[2024-09-16T15:34:49.171-0300][gc,phases     ] GC(10)   Pre Evacuate Collection Set: 0,0ms
[2024-09-16T15:34:49.171-0300][gc,phases     ] GC(10)   Evacuate Collection Set: 7,7ms
[2024-09-16T15:34:49.171-0300][gc,phases     ] GC(10)   Post Evacuate Collection Set: 0,6ms
[2024-09-16T15:34:49.171-0300][gc,phases     ] GC(10)   Other: 0,3ms
[2024-09-16T15:34:49.171-0300][gc,heap       ] GC(10) Eden regions: 48->0(45)
[2024-09-16T15:34:49.171-0300][gc,heap       ] GC(10) Survivor regions: 3->6(7)
[2024-09-16T15:34:49.171-0300][gc,heap       ] GC(10) Old regions: 21->21
[2024-09-16T15:34:49.171-0300][gc,heap       ] GC(10) Humongous regions: 129->129
[2024-09-16T15:34:49.171-0300][gc,metaspace  ] GC(10) Metaspace: 45880K(49024K)->45880K(49024K) NonClass: 39846K(41472K)->39846K(41472K) Class: 6034K(7552K)->6034K(7552K)
[2024-09-16T15:34:49.171-0300][gc            ] GC(10) Pause Young (Normal) (G1 Evacuation Pause) 198M->152M(1024M) 8,857ms
[2024-09-16T15:34:49.171-0300][gc,cpu        ] GC(10) User=0,06s Sys=0,00s Real=0,01s
[2024-09-16T15:43:08.298-0300][gc,start      ] GC(11) Pause Young (Normal) (G1 Evacuation Pause)
[2024-09-16T15:43:08.298-0300][gc,task       ] GC(11) Using 8 workers of 8 for evacuation
[2024-09-16T15:43:08.307-0300][gc,phases     ] GC(11)   Pre Evacuate Collection Set: 0,6ms
[2024-09-16T15:43:08.307-0300][gc,phases     ] GC(11)   Evacuate Collection Set: 8,1ms
[2024-09-16T15:43:08.307-0300][gc,phases     ] GC(11)   Post Evacuate Collection Set: 0,3ms
[2024-09-16T15:43:08.307-0300][gc,phases     ] GC(11)   Other: 0,3ms
[2024-09-16T15:43:08.307-0300][gc,heap       ] GC(11) Eden regions: 45->0(48)
[2024-09-16T15:43:08.307-0300][gc,heap       ] GC(11) Survivor regions: 6->4(7)
[2024-09-16T15:43:08.307-0300][gc,heap       ] GC(11) Old regions: 21->25
[2024-09-16T15:43:08.307-0300][gc,heap       ] GC(11) Humongous regions: 129->129
[2024-09-16T15:43:08.307-0300][gc,metaspace  ] GC(11) Metaspace: 45929K(49024K)->45929K(49024K) NonClass: 39895K(41472K)->39895K(41472K) Class: 6034K(7552K)->6034K(7552K)
[2024-09-16T15:43:08.307-0300][gc            ] GC(11) Pause Young (Normal) (G1 Evacuation Pause) 197M->156M(1024M) 9,349ms
[2024-09-16T15:43:08.307-0300][gc,cpu        ] GC(11) User=0,06s Sys=0,00s Real=0,01s
[2024-09-16T16:01:55.387-0300][gc,start      ] GC(12) Pause Young (Normal) (G1 Evacuation Pause)
[2024-09-16T16:01:55.387-0300][gc,task       ] GC(12) Using 8 workers of 8 for evacuation
[2024-09-16T16:01:55.396-0300][gc,phases     ] GC(12)   Pre Evacuate Collection Set: 0,0ms
[2024-09-16T16:01:55.396-0300][gc,phases     ] GC(12)   Evacuate Collection Set: 8,2ms
[2024-09-16T16:01:55.396-0300][gc,phases     ] GC(12)   Post Evacuate Collection Set: 0,3ms
[2024-09-16T16:01:55.396-0300][gc,phases     ] GC(12)   Other: 0,3ms
[2024-09-16T16:01:55.396-0300][gc,heap       ] GC(12) Eden regions: 48->0(51)
[2024-09-16T16:01:55.396-0300][gc,heap       ] GC(12) Survivor regions: 4->5(7)
[2024-09-16T16:01:55.396-0300][gc,heap       ] GC(12) Old regions: 25->28
[2024-09-16T16:01:55.396-0300][gc,heap       ] GC(12) Humongous regions: 129->129
[2024-09-16T16:01:55.396-0300][gc,metaspace  ] GC(12) Metaspace: 46197K(49280K)->46197K(49280K) NonClass: 40131K(41728K)->40131K(41728K) Class: 6065K(7552K)->6065K(7552K)
[2024-09-16T16:01:55.396-0300][gc            ] GC(12) Pause Young (Normal) (G1 Evacuation Pause) 204M->159M(1024M) 8,851ms
[2024-09-16T16:01:55.396-0300][gc,cpu        ] GC(12) User=0,06s Sys=0,00s Real=0,01s
[2024-09-16T16:15:20.918-0300][gc,start      ] GC(13) Pause Young (Normal) (G1 Evacuation Pause)
[2024-09-16T16:15:20.918-0300][gc,task       ] GC(13) Using 8 workers of 8 for evacuation
[2024-09-16T16:15:20.924-0300][gc,phases     ] GC(13)   Pre Evacuate Collection Set: 0,0ms
[2024-09-16T16:15:20.924-0300][gc,phases     ] GC(13)   Evacuate Collection Set: 5,7ms
[2024-09-16T16:15:20.924-0300][gc,phases     ] GC(13)   Post Evacuate Collection Set: 0,3ms
[2024-09-16T16:15:20.924-0300][gc,phases     ] GC(13)   Other: 0,2ms
[2024-09-16T16:15:20.924-0300][gc,heap       ] GC(13) Eden regions: 51->0(56)
[2024-09-16T16:15:20.924-0300][gc,heap       ] GC(13) Survivor regions: 5->6(7)
[2024-09-16T16:15:20.924-0300][gc,heap       ] GC(13) Old regions: 28->31
[2024-09-16T16:15:20.924-0300][gc,heap       ] GC(13) Humongous regions: 129->129
[2024-09-16T16:15:20.924-0300][gc,metaspace  ] GC(13) Metaspace: 46268K(49536K)->46268K(49536K) NonClass: 40197K(41984K)->40197K(41984K) Class: 6071K(7552K)->6071K(7552K)
[2024-09-16T16:15:20.924-0300][gc            ] GC(13) Pause Young (Normal) (G1 Evacuation Pause) 210M->164M(1024M) 6,170ms
[2024-09-16T16:15:20.924-0300][gc,cpu        ] GC(13) User=0,04s Sys=0,00s Real=0,01s
[2024-09-16T16:31:04.585-0300][gc,start      ] GC(14) Pause Young (Normal) (G1 Evacuation Pause)
[2024-09-16T16:31:04.588-0300][gc,task       ] GC(14) Using 8 workers of 8 for evacuation
[2024-09-16T16:31:04.596-0300][gc,phases     ] GC(14)   Pre Evacuate Collection Set: 0,6ms
[2024-09-16T16:31:04.596-0300][gc,phases     ] GC(14)   Evacuate Collection Set: 6,7ms
[2024-09-16T16:31:04.596-0300][gc,phases     ] GC(14)   Post Evacuate Collection Set: 0,3ms
[2024-09-16T16:31:04.596-0300][gc,phases     ] GC(14)   Other: 3,4ms
[2024-09-16T16:31:04.596-0300][gc,heap       ] GC(14) Eden regions: 56->0(68)
[2024-09-16T16:31:04.596-0300][gc,heap       ] GC(14) Survivor regions: 6->3(8)
[2024-09-16T16:31:04.596-0300][gc,heap       ] GC(14) Old regions: 31->34
[2024-09-16T16:31:04.596-0300][gc,heap       ] GC(14) Humongous regions: 129->129
[2024-09-16T16:31:04.596-0300][gc,metaspace  ] GC(14) Metaspace: 46305K(49536K)->46305K(49536K) NonClass: 40233K(41984K)->40233K(41984K) Class: 6071K(7552K)->6071K(7552K)
[2024-09-16T16:31:04.596-0300][gc            ] GC(14) Pause Young (Normal) (G1 Evacuation Pause) 220M->164M(1024M) 11,095ms
[2024-09-16T16:31:04.596-0300][gc,cpu        ] GC(14) User=0,05s Sys=0,00s Real=0,01s
[2024-09-16T16:50:12.663-0300][gc,start      ] GC(15) Pause Young (Normal) (G1 Evacuation Pause)
[2024-09-16T16:50:12.666-0300][gc,task       ] GC(15) Using 8 workers of 8 for evacuation
[2024-09-16T16:50:12.674-0300][gc,phases     ] GC(15)   Pre Evacuate Collection Set: 0,5ms
[2024-09-16T16:50:12.674-0300][gc,phases     ] GC(15)   Evacuate Collection Set: 6,3ms
[2024-09-16T16:50:12.674-0300][gc,phases     ] GC(15)   Post Evacuate Collection Set: 0,8ms
[2024-09-16T16:50:12.674-0300][gc,phases     ] GC(15)   Other: 3,3ms
[2024-09-16T16:50:12.674-0300][gc,heap       ] GC(15) Eden regions: 68->0(610)
[2024-09-16T16:50:12.674-0300][gc,heap       ] GC(15) Survivor regions: 3->4(9)
[2024-09-16T16:50:12.674-0300][gc,heap       ] GC(15) Old regions: 34->34
[2024-09-16T16:50:12.674-0300][gc,heap       ] GC(15) Humongous regions: 129->129
[2024-09-16T16:50:12.674-0300][gc,metaspace  ] GC(15) Metaspace: 46357K(49536K)->46357K(49536K) NonClass: 40286K(41984K)->40286K(41984K) Class: 6071K(7552K)->6071K(7552K)
[2024-09-16T16:50:12.674-0300][gc            ] GC(15) Pause Young (Normal) (G1 Evacuation Pause) 232M->164M(1024M) 11,084ms
[2024-09-16T16:50:12.674-0300][gc,cpu        ] GC(15) User=0,05s Sys=0,00s Real=0,01s
