[2024-09-16T15:07:01.018-0300][gc,heap] Heap region size: 1M
[2024-09-16T15:07:01.022-0300][gc     ] Using G1
[2024-09-16T15:07:01.023-0300][gc,heap,coops] Heap address: 0x00000000e0000000, size: 512 MB, Compressed Oops mode: 32-bit
[2024-09-16T15:07:01.023-0300][gc,cds       ] Mark closed archive regions in map: [0x00000000fff00000, 0x00000000fff6bff8]
[2024-09-16T15:07:01.023-0300][gc,cds       ] Mark open archive regions in map: [0x00000000ffe00000, 0x00000000ffe47ff8]
[2024-09-16T15:07:01.545-0300][gc,start     ] GC(0) Pause Young (Normal) (G1 Evacuation Pause)
[2024-09-16T15:07:01.546-0300][gc,task      ] GC(0) Using 8 workers of 8 for evacuation
[2024-09-16T15:07:01.552-0300][gc,phases    ] GC(0)   Pre Evacuate Collection Set: 0,0ms
[2024-09-16T15:07:01.552-0300][gc,phases    ] GC(0)   Evacuate Collection Set: 6,2ms
[2024-09-16T15:07:01.552-0300][gc,phases    ] GC(0)   Post Evacuate Collection Set: 0,2ms
[2024-09-16T15:07:01.552-0300][gc,phases    ] GC(0)   Other: 0,5ms
[2024-09-16T15:07:01.552-0300][gc,heap      ] GC(0) Eden regions: 25->0(21)
[2024-09-16T15:07:01.552-0300][gc,heap      ] GC(0) Survivor regions: 0->4(4)
[2024-09-16T15:07:01.552-0300][gc,heap      ] GC(0) Old regions: 2->6
[2024-09-16T15:07:01.552-0300][gc,heap      ] GC(0) Humongous regions: 0->0
[2024-09-16T15:07:01.552-0300][gc,metaspace ] GC(0) Metaspace: 7003K(7680K)->7003K(7680K) NonClass: 6217K(6656K)->6217K(6656K) Class: 786K(1024K)->786K(1024K)
[2024-09-16T15:07:01.552-0300][gc           ] GC(0) Pause Young (Normal) (G1 Evacuation Pause) 25M->8M(512M) 7,027ms
[2024-09-16T15:07:01.552-0300][gc,cpu       ] GC(0) User=0,04s Sys=0,01s Real=0,01s
[2024-09-16T16:53:20.307-0300][gc,start     ] GC(1) Pause Young (Normal) (G1 Evacuation Pause)
[2024-09-16T16:53:20.307-0300][gc,task      ] GC(1) Using 8 workers of 8 for evacuation
[2024-09-16T16:53:20.386-0300][gc,mmu       ] GC(1) MMU target violated: 21,0ms (20,0ms/21,0ms)
[2024-09-16T16:53:20.387-0300][gc,phases    ] GC(1)   Pre Evacuate Collection Set: 13,2ms
[2024-09-16T16:53:20.387-0300][gc,phases    ] GC(1)   Evacuate Collection Set: 63,3ms
[2024-09-16T16:53:20.387-0300][gc,phases    ] GC(1)   Post Evacuate Collection Set: 1,3ms
[2024-09-16T16:53:20.387-0300][gc,phases    ] GC(1)   Other: 2,6ms
[2024-09-16T16:53:20.387-0300][gc,heap      ] GC(1) Eden regions: 21->0(24)
[2024-09-16T16:53:20.387-0300][gc,heap      ] GC(1) Survivor regions: 4->1(4)
[2024-09-16T16:53:20.387-0300][gc,heap      ] GC(1) Old regions: 6->10
[2024-09-16T16:53:20.387-0300][gc,heap      ] GC(1) Humongous regions: 0->0
[2024-09-16T16:53:20.387-0300][gc,metaspace ] GC(1) Metaspace: 9509K(10240K)->9509K(10240K) NonClass: 8507K(8960K)->8507K(8960K) Class: 1001K(1280K)->1001K(1280K)
[2024-09-16T16:53:20.387-0300][gc           ] GC(1) Pause Young (Normal) (G1 Evacuation Pause) 29M->9M(512M) 80,040ms
[2024-09-16T16:53:20.387-0300][gc,cpu       ] GC(1) User=0,14s Sys=0,03s Real=0,08s
[2024-09-16T17:05:04.796-0300][gc,heap,exit ] Heap
[2024-09-16T17:05:04.796-0300][gc,heap,exit ]  garbage-first heap   total 524288K, used 11534K [0x00000000e0000000, 0x0000000100000000)
[2024-09-16T17:05:04.796-0300][gc,heap,exit ]   region size 1024K, 4 young (4096K), 1 survivors (1024K)
[2024-09-16T17:05:04.796-0300][gc,heap,exit ]  Metaspace       used 9515K, capacity 9972K, committed 10240K, reserved 1058816K
[2024-09-16T17:05:04.796-0300][gc,heap,exit ]   class space    used 1002K, capacity 1163K, committed 1280K, reserved 1048576K
